// Jest Snapshot v1, https://goo.gl/fbAQLP

exports[`WatchPage renders properly 1`] = `
<div
  className="sc-kLgntA crfEZZ"
>
  <div
    className="sc-lmoMRL gYwzFR"
  >
    <div
      className="sc-giIncl sc-ezrdKe bQVXeb fFTtxm"
    >
      <img
        alt="Logo"
        className="sc-iJuUWI kuUMxO"
        onClick={[Function]}
        src={
          Object {
            "process": [Function],
          }
        }
      />
    </div>
    <div
      className="sc-dmlrTW lguyDT"
    >
      <input
        className="sc-kfzAmx uPgEm"
        onChange={[Function]}
        placeholder="Busca un video"
      />
      <svg
        aria-hidden={true}
        className="MuiSvgIcon-root sc-fKFyDc gJGPoi"
        focusable="false"
        viewBox="0 0 24 24"
      >
        <path
          d="M15.5 14h-.79l-.28-.27C15.41 12.59 16 11.11 16 9.5 16 5.91 13.09 3 9.5 3S3 5.91 3 9.5 5.91 16 9.5 16c1.61 0 3.09-.59 4.23-1.57l.27.28v.79l5 4.99L20.49 19l-4.99-5zm-6 0C7.01 14 5 11.99 5 9.5S7.01 5 9.5 5 14 7.01 14 9.5 11.99 14 9.5 14z"
        />
      </svg>
    </div>
    <div
      className="sc-giIncl sc-bYEvPH bQVXeb RsEYO"
    >
      <div
        className="MuiFormGroup-root"
      >
        <label
          className="MuiFormControlLabel-root"
          role="switch"
        >
          <span
            className="MuiSwitch-root"
          >
            <span
              aria-disabled={false}
              className="MuiButtonBase-root MuiIconButton-root PrivateSwitchBase-root-1 MuiSwitch-switchBase MuiSwitch-colorSecondary"
              onBlur={[Function]}
              onDragLeave={[Function]}
              onFocus={[Function]}
              onKeyDown={[Function]}
              onKeyUp={[Function]}
              onMouseDown={[Function]}
              onMouseLeave={[Function]}
              onMouseUp={[Function]}
              onTouchEnd={[Function]}
              onTouchMove={[Function]}
              onTouchStart={[Function]}
              tabIndex={null}
            >
              <span
                className="MuiIconButton-label"
              >
                <input
                  checked={false}
                  className="PrivateSwitchBase-input-4 MuiSwitch-input"
                  onChange={[Function]}
                  type="checkbox"
                />
                <span
                  className="MuiSwitch-thumb"
                />
              </span>
            </span>
            <span
              className="MuiSwitch-track"
            />
          </span>
          <span
            className="MuiTypography-root MuiFormControlLabel-label MuiTypography-body1"
          >
            Claro
          </span>
        </label>
      </div>
      <div
        className="sc-bBXqnf iLEHXJ"
        onClick={[Function]}
      >
        <div
          className="sc-iwyYcG kfmcMU"
        />
        <svg
          aria-hidden={true}
          className="MuiSvgIcon-root MuiSvgIcon-colorPrimary"
          focusable="false"
          viewBox="0 0 24 24"
        >
          <path
            d="M7 10l5 5 5-5z"
          />
        </svg>
      </div>
    </div>
  </div>
  <div
    className="sc-lmoMRL gYwzFR"
  >
    <div
      className="sc-giIncl sc-ezrdKe bQVXeb fFTtxm"
    >
      <img
        alt="Logo"
        className="sc-iJuUWI kuUMxO"
        onClick={[Function]}
        src={
          Object {
            "process": [Function],
          }
        }
      />
    </div>
    <div
      className="sc-dmlrTW lguyDT"
    >
      <input
        className="sc-kfzAmx uPgEm"
        onChange={[Function]}
        placeholder="Busca un video"
      />
      <svg
        aria-hidden={true}
        className="MuiSvgIcon-root sc-fKFyDc gJGPoi"
        focusable="false"
        viewBox="0 0 24 24"
      >
        <path
          d="M15.5 14h-.79l-.28-.27C15.41 12.59 16 11.11 16 9.5 16 5.91 13.09 3 9.5 3S3 5.91 3 9.5 5.91 16 9.5 16c1.61 0 3.09-.59 4.23-1.57l.27.28v.79l5 4.99L20.49 19l-4.99-5zm-6 0C7.01 14 5 11.99 5 9.5S7.01 5 9.5 5 14 7.01 14 9.5 11.99 14 9.5 14z"
        />
      </svg>
    </div>
    <div
      className="sc-giIncl sc-bYEvPH bQVXeb RsEYO"
    >
      <div
        className="MuiFormGroup-root"
      >
        <label
          className="MuiFormControlLabel-root"
          role="switch"
        >
          <span
            className="MuiSwitch-root"
          >
            <span
              aria-disabled={false}
              className="MuiButtonBase-root MuiIconButton-root PrivateSwitchBase-root-1 MuiSwitch-switchBase MuiSwitch-colorSecondary"
              onBlur={[Function]}
              onDragLeave={[Function]}
              onFocus={[Function]}
              onKeyDown={[Function]}
              onKeyUp={[Function]}
              onMouseDown={[Function]}
              onMouseLeave={[Function]}
              onMouseUp={[Function]}
              onTouchEnd={[Function]}
              onTouchMove={[Function]}
              onTouchStart={[Function]}
              tabIndex={null}
            >
              <span
                className="MuiIconButton-label"
              >
                <input
                  checked={false}
                  className="PrivateSwitchBase-input-4 MuiSwitch-input"
                  onChange={[Function]}
                  type="checkbox"
                />
                <span
                  className="MuiSwitch-thumb"
                />
              </span>
            </span>
            <span
              className="MuiSwitch-track"
            />
          </span>
          <span
            className="MuiTypography-root MuiFormControlLabel-label MuiTypography-body1"
          >
            Claro
          </span>
        </label>
      </div>
      <div
        className="sc-bBXqnf iLEHXJ"
        onClick={[Function]}
      >
        <div
          className="sc-iwyYcG kfmcMU"
        />
        <svg
          aria-hidden={true}
          className="MuiSvgIcon-root MuiSvgIcon-colorPrimary"
          focusable="false"
          viewBox="0 0 24 24"
        >
          <path
            d="M7 10l5 5 5-5z"
          />
        </svg>
      </div>
    </div>
  </div>
  <div
    className="sc-gsTCUz gQzcGW"
  >
    <div
      className="sc-crrsfI BKcMo"
    >
      <div
        className="sc-dQppl leUPXD"
      >
        <div
          className="sc-bqyKva hnoOcW"
        >
          <iframe
            className="sc-kstrdz SpyNk"
            frameBorder="0"
            id="ytplayer"
            role="youtube-video"
            src="https://www.youtube.com/embed/undefined?autoplay=0"
            type="text/html"
          />
        </div>
      </div>
      <div
        className="sc-hBEYos doIudD"
      >
        <p
          className="sc-fodVxV bnjOHv"
        />
        <p
          className="sc-fFubgz Kflca"
        >
          undefined - Hace NaN minutos
        </p>
        <p
          className="sc-bkzZxe jkeJIb"
        />
      </div>
    </div>
    <div
      className="sc-hHftDr kMNpka"
    >
      <p
        className="sc-dIUggk ulpge"
      >
        Actualmente no hay videos favoritos en tu cuenta.
      </p>
    </div>
  </div>
</div>
`;
